// Jest Snapshot v1, https://goo.gl/fbAQLP

exports[`<Loading /> renders the <Loading /> component 1`] = `
<div
  class="loading__Spinner-sc-11yhc25-0 jdEyAt"
  data-testid="loading"
>
  <img
    class="loading__Picture-sc-11yhc25-1 siMrc"
    data-testid="lodaing-picute"
    src="/images/users//imges/karl.png.png"
  />
</div>
`;

exports[`<Loading /> renders the <Loading.ReleaseBody /> 1`] = `null`;
